NOTE: MPP_DOMAINS_SET_STACK_SIZE: stack size set to    32768.
NOTE: MPP_DOMAINS_SET_STACK_SIZE: stack size set to   200000.
NOTE: ======== Model being driven by ice_shelf_driver ========
NOTE: callTree: o Program Shelf_main, ice_shelf_driver.F90
NOTE: open_param_file: MOM_input has been opened successfully.
NOTE: open_param_file: MOM_IS_input has been opened successfully.
NOTE: open_param_file: MOM_IS_dynamic_input has been opened successfully.
NOTE: open_param_file: MOM_override has been opened successfully.
NOTE: callTree: o Start of ice shelf initialization.
NOTE: diag_manager_mod::diag_manager_init: prepend_date only supported when diag_manager_init is called with time_init present.
NOTE: diag_manager_mod::diag_manager_init: You are using the legacy version of the diag table
 MOM domain decomposition
whalo =    4, ehalo =    4, shalo =    4, nhalo =    4
  X-AXIS =   20
  Y-AXIS =    3
 MOMc domain decomposition
whalo =    2, ehalo =    2, shalo =    2, nhalo =    2
  X-AXIS =   10
  Y-AXIS =    1

WARNING: create_dyn_horgrid called with an associated horgrid_type.

 MOM domain decomposition
whalo =    4, ehalo =    4, shalo =    4, nhalo =    4
  X-AXIS =   20
  Y-AXIS =    3
 MOM domain decomposition
whalo =    2, ehalo =    2, shalo =    2, nhalo =    2
  X-AXIS =   10
  Y-AXIS =    1
NOTE: callTree: ---> MOM_initialize_fixed(), MOM_fixed_initialization.F90
NOTE: callTree:    ---> set_grid_metrics(), MOM_grid_initialize.F90
NOTE: callTree:       ---> set_grid_metrics_cartesian(), MOM_grid_initialize.F90
NOTE: callTree:       <--- set_grid_metrics_cartesian()
NOTE: callTree:       ---> set_derived_metrics(), MOM_grid_initialize.F90
NOTE: callTree:       <--- set_derived_metrics()
NOTE: callTree:    <--- set_grid_metrics()
NOTE: callTree:    ---> initialize_topography_named(), MOM_shared_initialization.F90
NOTE:   MOM_shared_initialization.F90, initialize_topography_named: TOPO_CONFIG = flat
NOTE: callTree:    <--- initialize_topography_named()
NOTE: callTree:    ---> limit_topography(), MOM_shared_initialization.F90
NOTE: callTree:    <--- limit_topography()
NOTE: callTree:    ---> initialize_masks(), MOM_grid_initialize.F90
NOTE: callTree:    <--- initialize_masks()
NOTE: callTree:    ---> MOM_initialize_rotation(), MOM_shared_initialization.F90
NOTE: callTree:       ---> set_rotation_planetary(), MOM_shared_initialization.F90
NOTE: callTree:       <--- set_rotation_planetary()
NOTE: callTree:    <--- MOM_initialize_rotation()
NOTE: callTree:    ---> MOM_calculate_grad_Coriolis(), MOM_shared_initialization.F90
NOTE: callTree:    <--- MOM_calculate_grad_Coriolis()
NOTE: callTree: <--- MOM_initialize_fixed()
NOTE: callTree: ---> write_ocean_geometry_file()
 MOM domain decomposition
whalo =    4, ehalo =    4, shalo =    4, nhalo =    4
  X-AXIS =   20
  Y-AXIS =    3
 MOM domain decomposition
whalo =    2, ehalo =    2, shalo =    2, nhalo =    2
  X-AXIS =   10
  Y-AXIS =    1

WARNING: Open_file is appending .nc to the filename ./ocean_geometry

NOTE: callTree: <--- write_ocean_geometry_file()
NOTE:   MOM_grid.F90, MOM_grid_init: allocating metrics
NOTE: callTree: o returned from diag_mediator_init()
 MOM_Ice_Shelf_in domain decomposition
whalo =    4, ehalo =    4, shalo =    4, nhalo =    4
  X-AXIS =   20
  Y-AXIS =    3
 MOM_Ice_Shelf_inc domain decomposition
whalo =    2, ehalo =    2, shalo =    2, nhalo =    2
  X-AXIS =   10
  Y-AXIS =    1
NOTE:   MOM_grid.F90, MOM_grid_init: allocating metrics
 MOM_Ice_Shelf_in domain decomposition
whalo =    4, ehalo =    4, shalo =    4, nhalo =    4
  X-AXIS =   20
  Y-AXIS =    3
 MOM_Ice_Shelf_in domain decomposition
whalo =    2, ehalo =    2, shalo =    2, nhalo =    2
  X-AXIS =   10
  Y-AXIS =    1
NOTE: callTree: ---> set_grid_metrics(), MOM_grid_initialize.F90
NOTE: callTree:    ---> set_grid_metrics_cartesian(), MOM_grid_initialize.F90
NOTE: callTree:    <--- set_grid_metrics_cartesian()
NOTE: callTree:    ---> set_derived_metrics(), MOM_grid_initialize.F90
NOTE: callTree:    <--- set_derived_metrics()
NOTE: callTree: <--- set_grid_metrics()
NOTE: callTree: ---> initialize_topography_named(), MOM_shared_initialization.F90
NOTE:   MOM_shared_initialization.F90, initialize_topography_named: TOPO_CONFIG = flat
NOTE: callTree: <--- initialize_topography_named()
NOTE: callTree: ---> limit_topography(), MOM_shared_initialization.F90
NOTE: callTree: <--- limit_topography()
NOTE: interpret_eos_selection: equation of state set to "WRIGHT_FULL"
NOTE: MOM_ice_shelf.F90, initialize_ice_shelf: allocating fluxes in solo mode.
NOTE: Initialize_ice_thickness_from_file: reading thickness

WARNING: Previous msg:REENTRANT_X = False             !   [Boolean] default = True


WARNING: New message :REENTRANT_X = False             !   [Boolean] default = False


WARNING: Encountered inconsistent documentation line for parameter REENTRANT_X!

NOTE:   MOM_ice_shelf_init_profile.F90, initialize_b_c_s_from_file: reading b.c.s

WARNING: Previous msg:ICE_THICKNESS_FILE = "MPM_IC.nc" ! default = "ice_shelf_h.nc"


WARNING: New message :ICE_THICKNESS_FILE = "MPM_IC.nc" ! default = "ice_shelf_thick.nc"


WARNING: Encountered inconsistent documentation line for parameter ICE_THICKNESS_FILE!

NOTE:   MOM_ice_shelf_init_profile.F90, initialize_velocity_from_file: reading velocity
NOTE: MPM_init: seeded 240 particles.
NOTE: MOM_ice_shelf_dyn: MPM mode enabled.
NOTE:   MOM_ice_shelf.F90, initialize_ice_shelf: reading SMB parameter
NOTE: callTree: o End of ice shelf initialization.

WARNING: Unused line in MOM_input : DT = 86400.0

NOTE: close_param_file: MOM_input has been closed successfully.
NOTE: close_param_file: MOM_IS_input has been closed successfully.
NOTE: close_param_file: MOM_IS_dynamic_input has been closed successfully.
NOTE: close_param_file: MOM_override has been closed successfully.

WARNING: open_ASCII_file: File ./CPU_stats opened WRITEONLY already exists!

NOTE: callTree: loop Main loop, Shelf_driver.F90       1
NOTE: solo_step_ice_shelf:  TIME in ice shelf call, yrs:    0.0000000000000000
NOTE: solo_step_ice_shelf:  Ice model timestep =    31536000.000000000       seconds
DBG_P2G: h(isc,jsc)=  500.0000 h(isc+4,jsc)=  500.0000 isc=  5 jsc=  5
NOTE:  ice_shelf_solve_outer: linear solve done in           20  iterations
NOTE:  ice_shelf_solve_outer: nonlinear fractional residual =    1.2005355522948804
NOTE:  ice_shelf_solve_outer: linear solve done in           20  iterations
NOTE:  ice_shelf_solve_outer: nonlinear fractional residual =    1.9042302606228623E-002
NOTE:  ice_shelf_solve_outer: linear solve done in           20  iterations
NOTE:  ice_shelf_solve_outer: nonlinear fractional residual =    1.1372787057925358E-002
NOTE:  ice_shelf_solve_outer: linear solve done in           20  iterations
NOTE:  ice_shelf_solve_outer: nonlinear fractional residual =    8.6709733905197088E-003
NOTE:  ice_shelf_solve_outer: linear solve done in           20  iterations
NOTE:  ice_shelf_solve_outer: nonlinear fractional residual =    8.8854862355761247E-002
NOTE:  ice_shelf_solve_outer: linear solve done in           20  iterations
NOTE:  ice_shelf_solve_outer: nonlinear fractional residual =   0.23468111447675929
NOTE:  ice_shelf_solve_outer: linear solve done in           20  iterations
NOTE:  ice_shelf_solve_outer: nonlinear fractional residual =   0.32903528055597436
NOTE:  ice_shelf_solve_outer: linear solve done in           20  iterations
NOTE:  ice_shelf_solve_outer: nonlinear fractional residual =   0.31683049959150861
NOTE:  ice_shelf_solve_outer: linear solve done in           20  iterations
NOTE:  ice_shelf_solve_outer: nonlinear fractional residual =   0.25273093259602808
NOTE:  ice_shelf_solve_outer: linear solve done in           20  iterations
NOTE:  ice_shelf_solve_outer: nonlinear fractional residual =   0.18468808963180566
NOTE:  ice_shelf_solve_outer: linear solve done in           20  iterations
NOTE:  ice_shelf_solve_outer: nonlinear fractional residual =   0.12943808377395660
NOTE:  ice_shelf_solve_outer: linear solve done in           20  iterations
NOTE:  ice_shelf_solve_outer: nonlinear fractional residual =    8.8811609245409970E-002
NOTE:  ice_shelf_solve_outer: linear solve done in           20  iterations
NOTE:  ice_shelf_solve_outer: nonlinear fractional residual =    6.0240777283816542E-002
NOTE:  ice_shelf_solve_outer: linear solve done in           20  iterations
NOTE:  ice_shelf_solve_outer: nonlinear fractional residual =    4.0593840741786263E-002
NOTE:  ice_shelf_solve_outer: linear solve done in           20  iterations
NOTE:  ice_shelf_solve_outer: nonlinear fractional residual =    2.7247517721811356E-002
NOTE:  ice_shelf_solve_outer: linear solve done in           20  iterations
NOTE:  ice_shelf_solve_outer: nonlinear fractional residual =    1.8244961335988678E-002
NOTE:  ice_shelf_solve_outer: linear solve done in           20  iterations
NOTE:  ice_shelf_solve_outer: nonlinear fractional residual =    1.2198174856469460E-002
NOTE:  ice_shelf_solve_outer: linear solve done in           20  iterations
NOTE:  ice_shelf_solve_outer: nonlinear fractional residual =    8.1474163151962851E-003
NOTE:  ice_shelf_solve_outer: linear solve done in           20  iterations
NOTE:  ice_shelf_solve_outer: nonlinear fractional residual =    5.4383525387123295E-003
NOTE:  ice_shelf_solve_outer: linear solve done in           20  iterations
NOTE:  ice_shelf_solve_outer: nonlinear fractional residual =    3.6285474217747321E-003
NOTE:  ice_shelf_solve_outer: linear solve done in           20  iterations
NOTE:  ice_shelf_solve_outer: nonlinear fractional residual =    2.4203505408201035E-003
NOTE:  ice_shelf_solve_outer: linear solve done in           20  iterations
NOTE:  ice_shelf_solve_outer: nonlinear fractional residual =    1.6141517059464713E-003
NOTE:  ice_shelf_solve_outer: linear solve done in           20  iterations
NOTE:  ice_shelf_solve_outer: nonlinear fractional residual =    1.0763605470532037E-003
NOTE:  ice_shelf_solve_outer: linear solve done in           20  iterations
NOTE:  ice_shelf_solve_outer: nonlinear fractional residual =    7.1768885871300648E-004
NOTE:  ice_shelf_solve_outer: linear solve done in           20  iterations
NOTE:  ice_shelf_solve_outer: nonlinear fractional residual =    4.7851038239855593E-004
NOTE:  ice_shelf_solve_outer: linear solve done in           20  iterations
NOTE:  ice_shelf_solve_outer: nonlinear fractional residual =    3.1902964030219009E-004
NOTE:  ice_shelf_solve_outer: linear solve done in           20  iterations
NOTE:  ice_shelf_solve_outer: nonlinear fractional residual =    2.1269652062275328E-004
NOTE:  ice_shelf_solve_outer: linear solve done in           20  iterations
NOTE:  ice_shelf_solve_outer: nonlinear fractional residual =    1.4180216550705262E-004
NOTE:  ice_shelf_solve_outer: linear solve done in           20  iterations
NOTE:  ice_shelf_solve_outer: nonlinear fractional residual =    9.4536770076549028E-005
NOTE:  ice_shelf_solve_outer: switching to Newton iterations at iter =           29
NOTE:  ice_shelf_solve_outer: nonlinear fractional residual =    9.4536770076549028E-005
NOTE:  ice_shelf_solve_outer: exiting nonlinear solve after           29  iterations
DBG_G2P: GradVel(1,p1)= 0.2094608E-09  dt= 0.3153600E+08
DBG_LAGRANGE: H(p1) after update=  496.6972

WARNING: open_ASCII_file: File ./ice_shelf.stats opened WRITEONLY already exists!

DBG_HSHELF: h(isc,jsc)=  500.0000 h(isc+4,jsc)=  500.0000
NOTE: callTree: <--- Main loop
NOTE: callTree: loop Main loop, Shelf_driver.F90       2
NOTE: solo_step_ice_shelf:  TIME in ice shelf call, yrs:    1.0000000000000000
NOTE: solo_step_ice_shelf:  Ice model timestep =    28813723.727261167       seconds
DBG_P2G: h(isc,jsc)=  500.0000 h(isc+4,jsc)=  496.6965 isc=  5 jsc=  5
NOTE:  ice_shelf_solve_outer: linear solve done in           20  iterations
NOTE:  ice_shelf_solve_outer: nonlinear fractional residual =    4.2241608248292407E-003
NOTE:  ice_shelf_solve_outer: linear solve done in           20  iterations
NOTE:  ice_shelf_solve_outer: nonlinear fractional residual =    2.8108868373546204E-003
NOTE:  ice_shelf_solve_outer: linear solve done in           20  iterations
NOTE:  ice_shelf_solve_outer: nonlinear fractional residual =    1.8716007019230127E-003
NOTE:  ice_shelf_solve_outer: linear solve done in           20  iterations
NOTE:  ice_shelf_solve_outer: nonlinear fractional residual =    1.2466998893820155E-003
NOTE:  ice_shelf_solve_outer: linear solve done in           20  iterations
NOTE:  ice_shelf_solve_outer: nonlinear fractional residual =    8.3067342230261061E-004
NOTE:  ice_shelf_solve_outer: linear solve done in           20  iterations
NOTE:  ice_shelf_solve_outer: nonlinear fractional residual =    5.5357781455915773E-004
NOTE:  ice_shelf_solve_outer: linear solve done in           20  iterations
NOTE:  ice_shelf_solve_outer: nonlinear fractional residual =    3.6896097410298441E-004
NOTE:  ice_shelf_solve_outer: linear solve done in           20  iterations
NOTE:  ice_shelf_solve_outer: nonlinear fractional residual =    2.4593357342187389E-004
NOTE:  ice_shelf_solve_outer: linear solve done in           20  iterations
NOTE:  ice_shelf_solve_outer: nonlinear fractional residual =    1.6393775346054229E-004
NOTE:  ice_shelf_solve_outer: linear solve done in           20  iterations
NOTE:  ice_shelf_solve_outer: nonlinear fractional residual =    1.0928385173297013E-004
NOTE:  ice_shelf_solve_outer: linear solve done in           20  iterations
NOTE:  ice_shelf_solve_outer: nonlinear fractional residual =    7.2852352536119668E-005
NOTE:  ice_shelf_solve_outer: switching to Newton iterations at iter =           11
NOTE:  ice_shelf_solve_outer: nonlinear fractional residual =    7.2852352536119668E-005
NOTE:  ice_shelf_solve_outer: exiting nonlinear solve after           11  iterations
DBG_G2P: GradVel(1,p1)= 0.2095067E-09  dt= 0.2881372E+08
DBG_LAGRANGE: H(p1) after update=  493.6988
NOTE: solo_step_ice_shelf:  Ice model timestep =    2722276.2727388330       seconds
DBG_P2G: h(isc,jsc)=  500.0000 h(isc+4,jsc)=  493.7274 isc=  5 jsc=  5
NOTE:  ice_shelf_solve_outer: linear solve done in           20  iterations
NOTE:  ice_shelf_solve_outer: nonlinear fractional residual =    3.8666156640798071E-003
NOTE:  ice_shelf_solve_outer: linear solve done in           20  iterations
NOTE:  ice_shelf_solve_outer: nonlinear fractional residual =    2.5733863501470099E-003
NOTE:  ice_shelf_solve_outer: linear solve done in           20  iterations
NOTE:  ice_shelf_solve_outer: nonlinear fractional residual =    1.7136515428778482E-003
NOTE:  ice_shelf_solve_outer: linear solve done in           20  iterations
NOTE:  ice_shelf_solve_outer: nonlinear fractional residual =    1.1415716225313065E-003
NOTE:  ice_shelf_solve_outer: linear solve done in           20  iterations
NOTE:  ice_shelf_solve_outer: nonlinear fractional residual =    7.6066407156226391E-004
NOTE:  ice_shelf_solve_outer: linear solve done in           20  iterations
NOTE:  ice_shelf_solve_outer: nonlinear fractional residual =    5.0693878794278596E-004
NOTE:  ice_shelf_solve_outer: linear solve done in           20  iterations
NOTE:  ice_shelf_solve_outer: nonlinear fractional residual =    3.3788335207433163E-004
NOTE:  ice_shelf_solve_outer: linear solve done in           20  iterations
NOTE:  ice_shelf_solve_outer: nonlinear fractional residual =    2.2522185529637445E-004
NOTE:  ice_shelf_solve_outer: linear solve done in           20  iterations
NOTE:  ice_shelf_solve_outer: nonlinear fractional residual =    1.5013291826811035E-004
NOTE:  ice_shelf_solve_outer: linear solve done in           20  iterations
NOTE:  ice_shelf_solve_outer: nonlinear fractional residual =    1.0008195152369131E-004
NOTE:  ice_shelf_solve_outer: linear solve done in           20  iterations
NOTE:  ice_shelf_solve_outer: nonlinear fractional residual =    6.6718340565246340E-005
NOTE:  ice_shelf_solve_outer: switching to Newton iterations at iter =           11
NOTE:  ice_shelf_solve_outer: nonlinear fractional residual =    6.6718340565246340E-005
NOTE:  ice_shelf_solve_outer: exiting nonlinear solve after           11  iterations
DBG_G2P: GradVel(1,p1)= 0.2095073E-09  dt= 0.2722276E+07
DBG_LAGRANGE: H(p1) after update=  493.4173
DBG_HSHELF: h(isc,jsc)=  500.0000 h(isc+4,jsc)=  493.7274
NOTE: callTree: <--- Main loop
NOTE: callTree: o End Shelf_main
 MPP_DOMAINS_STACK high water mark=           0

Tabulating mpp_clock statistics across      1 PEs...

                                      hits          tmin          tmax          tavg          tstd  tfrac grain pemin pemax
Total runtime                            1      0.046225      0.046225      0.046225      0.000000  1.000     0     0     0
Initialization                           1      0.028276      0.028276      0.028276      0.000000  0.612     0     0     0
Main loop                                1      0.015382      0.015382      0.015382      0.000000  0.333     0     0     0
Termination                              1      0.000871      0.000871      0.000871      0.000000  0.019     0     0     0
(Ocean diagnostics framework)            0      0.000000      0.000000      0.000000      0.000000  0.000    31     0     0
(Ocean diagnostics remapping)            0      0.000000      0.000000      0.000000      0.000000  0.000    41     0     0
(Ocean diagnostics grid updates)         0      0.000000      0.000000      0.000000      0.000000  0.000    41     0     0
Ice shelf                                0      0.000000      0.000000      0.000000      0.000000  0.000     1     0     0
 Ice shelf halo updates                  1      0.000002      0.000002      0.000002      0.000000  0.000    41     0     0

WARNING: create_dyn_horgrid called with an associated horgrid_type.


WARNING: Open_file is appending .nc to the filename ./ocean_geometry


WARNING: Previous msg:REENTRANT_X = False             !   [Boolean] default = True


WARNING: New message :REENTRANT_X = False             !   [Boolean] default = False


WARNING: Encountered inconsistent documentation line for parameter REENTRANT_X!


WARNING: Previous msg:ICE_THICKNESS_FILE = "MPM_IC.nc" ! default = "ice_shelf_h.nc"


WARNING: New message :ICE_THICKNESS_FILE = "MPM_IC.nc" ! default = "ice_shelf_thick.nc"


WARNING: Encountered inconsistent documentation line for parameter ICE_THICKNESS_FILE!


WARNING: Unused line in MOM_input : DT = 86400.0


WARNING: open_ASCII_file: File ./CPU_stats opened WRITEONLY already exists!


WARNING: open_ASCII_file: File ./ice_shelf.stats opened WRITEONLY already exists!

                               Memuse(MB) at Memory HiWaterMark=  3.602E+01  3.602E+01  0.000E+00  3.602E+01
 MPP_STACK high water mark=           0
